// Jest Snapshot v1, https://goo.gl/fbAQLP

exports[`About LandingPage renders without crashing 1`] = `
"<div className=\\"Landing-container\\">
  <Grid className=\\"Landing-grid\\">
    <Cell col={12} phone={12} tablet={12}>
      <div className=\\"Landing-SlideDown\\">
        <div className=\\"Landing-phone-profile\\">
          <img src=\\"Profile.jpg\\" alt=\\"profile\\" />
        </div>
        <LandingPlayground />
        <div className=\\"Landing-banner-text\\">
          <h3>
            Hi, this is Roy. Nice to meet you.
          </h3>
          <h4>
            Web / Blockchain Developer
          </h4>
          <hr />
          <p>
            <span className=\\"Landing-javascript\\">
              JavaScript
            </span>
             |
             
            <span className=\\"Landing-typescript\\">
              TypeScript
            </span>
             |
             
            <span className=\\"Landing-react\\">
              React
            </span>
             |
             
            <span className=\\"Landing-firebase\\">
              Firebase
            </span>
             |
             
            <span className=\\"Landing-python\\">
              Python
            </span>
             |
             
            <span className=\\"Landing-golang\\">
              Golang
            </span>
             |
             
            <span className=\\"Landing-solidity\\">
              Solidity
            </span>
          </p>
          <div className=\\"Landing-social-links\\">
            <LandingIcon url=\\"https://www.linkedin.com/in/shoe-kure-2271ab90/\\" icon=\\"fab fa-linkedin\\" />
            <LandingIcon url=\\"https://github.com/roy1210\\" icon=\\"fab fa-github\\" />
            <LandingIcon url=\\"https://codesandbox.io/u/roy1210/sandboxes\\" icon=\\"fab fas fa-cube\\" />
          </div>
        </div>
      </div>
      <div className=\\"Landing-marginBottom\\" />
      <div className=\\"Landing-footer\\">
        <Connect(AppFooter) />
      </div>
    </Cell>
  </Grid>
</div>"
`;
